// Jest Snapshot v1, https://goo.gl/fbAQLP

exports[`PostService <CreatePost /> should create a post without images 1`] = `
{
  "content": "Hello world",
  "createdAt": 2025-02-15T16:38:41.500Z,
  "id": "42-d-f-df4",
  "images": [],
  "user": {
    "profileImg": "https://example.com/profile.jpg",
    "username": "jDoe453",
  },
}
`;
