// Jest Snapshot v1, https://goo.gl/fbAQLP

exports[`<CloudinaryService /> <DeleteProfilePicture /> should delete profile picture 1`] = `null`;

exports[`<CloudinaryService /> <UpdateProfilePicture /> should update profile picture and return the secure URL 1`] = `"https://mock.cloudinary.com/image/profile_12345.jpg"`;

exports[`<CloudinaryService /> <UploadProfilePicture /> should upload profile picture and return the secure URL 1`] = `"https://mock.cloudinary.com/image/profile_12345.jpg"`;
